// Jest Snapshot v1, https://goo.gl/fbAQLP

exports[`matches snapshot 1`] = `
<DocumentFragment>
  <div
    class="SignupForm"
  >
    <div
      class="container col-md-6 offset-md-3 col-lg-4 offset-lg-4"
    >
      <h2
        class="mb-3"
      >
        Sign up!
      </h2>
      <div
        class="card"
      >
        <div
          class="card-body"
        >
          <form>
            <div
              class="form-group"
            >
              <label
                class="float-left"
              >
                Username
              </label>
              <input
                class="form-control"
                name="username"
                type="text"
                value=""
              />
            </div>
            <div
              class="form-group"
            >
              <label
                class="float-left"
              >
                Password
              </label>
              <input
                class="form-control"
                name="password"
                type="password"
                value=""
              />
            </div>
            <div
              class="form-group"
            >
              <label
                class="float-left"
              >
                First Name
              </label>
              <input
                class="form-control"
                name="firstName"
                type="text"
                value=""
              />
            </div>
            <div
              class="form-group"
            >
              <label
                class="float-left"
              >
                Last Name
              </label>
              <input
                class="form-control"
                name="lastName"
                type="text"
                value=""
              />
            </div>
            <div
              class="form-group"
            >
              <label
                class="float-left"
              >
                Email
              </label>
              <input
                class="form-control"
                name="email"
                type="email"
                value=""
              />
            </div>
            <button
              class="btn btn-lg btn-primary float-right"
              type="submit"
            >
              Submit
            </button>
          </form>
        </div>
      </div>
    </div>
  </div>
</DocumentFragment>
`;
