// Jest Snapshot v1, https://goo.gl/fbAQLP

exports[`matches snapshot 1`] = `
<DocumentFragment>
  <div
    class="SearchForm mb-4 mt-2"
  >
    <form
      class="form-inline"
    >
      <input
        class="form-control form-control-lg flex-grow-1"
        name="query"
        placeholder="Please enter a search term..."
        type="text"
        value=""
      />
      <button
        class="btn btn-lg btn-primary"
        type="submit"
      >
        Search
      </button>
    </form>
  </div>
</DocumentFragment>
`;
