// Jest Snapshot v1, https://goo.gl/fbAQLP

exports[`matches snapshot 1`] = `
<DocumentFragment>
  <div
    class="JobCard card"
  >
    <div
      class="card-body"
    >
      <h5
        class="card-title"
      />
      <p />
      <button
        class="btn btn-danger font-weight-bold text-uppercase float-right"
      >
        Apply
      </button>
    </div>
  </div>
</DocumentFragment>
`;
